// Jest Snapshot v1, https://goo.gl/fbAQLP

exports[`deserizalize throws parse error on invalid json string 1`] = `"Unexpected token 'e', \\"test\\" is not valid JSON"`;

exports[`deserizalize throws parse error on invalid json string 2`] = `"Unexpected end of JSON input"`;
